// Jest Snapshot v1, https://goo.gl/fbAQLP

exports[`<Header /> should render a div 1`] = `
<div>
  <a
    class="A-sc-100bq5w-0 A-sc-62utp3-0 fuvInX"
    href="https://www.reactboilerplate.com/"
  >
    <img
      alt="react-boilerplate - Logo"
      class="Img-oawhly-0 eEPiI"
      src="IMAGE_MOCK"
    />
  </a>
  <div
    class="NavBar___default-sc-1cshce3-0 bYXpTG"
  >
    <a
      class="HeaderLink___default-ej8kaq-0 lfCtjk"
      href="/"
    >
      <span>
        Home
      </span>
    </a>
    <a
      class="HeaderLink___default-ej8kaq-0 lfCtjk"
      href="/features"
    >
      <span>
        Features
      </span>
    </a>
  </div>
</div>
`;
