// Jest Snapshot v1, https://goo.gl/fbAQLP

exports[`<HomePage /> should render and match the snapshot 1`] = `
<article>
  <div>
    <section
      class="Section-nbk8ys-0 CenteredSection-jiekqv-0 bpDNaq"
    >
      <h2
        class="H2-sc-1gag1k7-0 ciiLUe"
      >
        <span>
          Start your next react project in seconds
        </span>
      </h2>
      <p>
        <span>
          A highly scalable, offline-first foundation with the best DX and a focus on performance and best practices
        </span>
      </p>
    </section>
    <section
      class="Section-nbk8ys-0 jaqAfG"
    >
      <h2
        class="H2-sc-1gag1k7-0 ciiLUe"
      >
        <span>
          Try me!
        </span>
      </h2>
      <form
        class="Form-sc-5jerhd-0 fZsYIq"
      >
        <label
          for="username"
        >
          <span>
            Show Github repositories by
          </span>
          <span
            class="AtPrefix-sc-1ignvoe-0 dHPsvD"
          >
            <span>
              @
            </span>
          </span>
          <input
            class="Input-sc-1qn77yt-0 ldlaXf"
            id="username"
            placeholder="mxstbr"
            type="text"
            value=""
          />
        </label>
      </form>
    </section>
  </div>
</article>
`;
